------------------------------------------------------------
TimeQuest Timing Analyzer Summary
------------------------------------------------------------

Type  : Slow 1200mV 125C Model Setup 'altera_reserved_tck'
Slack : 42.368
TNS   : 0.000

Type  : Slow 1200mV 125C Model Hold 'altera_reserved_tck'
Slack : 0.428
TNS   : 0.000

Type  : Slow 1200mV 125C Model Recovery 'altera_reserved_tck'
Slack : 46.894
TNS   : 0.000

Type  : Slow 1200mV 125C Model Removal 'altera_reserved_tck'
Slack : 1.217
TNS   : 0.000

Type  : Slow 1200mV 125C Model Minimum Pulse Width 'altera_reserved_tck'
Slack : 49.543
TNS   : 0.000

Type  : Slow 1200mV -40C Model Setup 'altera_reserved_tck'
Slack : 43.628
TNS   : 0.000

Type  : Slow 1200mV -40C Model Hold 'altera_reserved_tck'
Slack : 0.343
TNS   : 0.000

Type  : Slow 1200mV -40C Model Recovery 'altera_reserved_tck'
Slack : 47.459
TNS   : 0.000

Type  : Slow 1200mV -40C Model Removal 'altera_reserved_tck'
Slack : 1.054
TNS   : 0.000

Type  : Slow 1200mV -40C Model Minimum Pulse Width 'altera_reserved_tck'
Slack : 49.411
TNS   : 0.000

Type  : Fast 1200mV -40C Model Setup 'altera_reserved_tck'
Slack : 46.626
TNS   : 0.000

Type  : Fast 1200mV -40C Model Hold 'altera_reserved_tck'
Slack : 0.179
TNS   : 0.000

Type  : Fast 1200mV -40C Model Recovery 'altera_reserved_tck'
Slack : 48.590
TNS   : 0.000

Type  : Fast 1200mV -40C Model Removal 'altera_reserved_tck'
Slack : 0.550
TNS   : 0.000

Type  : Fast 1200mV -40C Model Minimum Pulse Width 'altera_reserved_tck'
Slack : 49.448
TNS   : 0.000

------------------------------------------------------------
